WGCNA ALL-GENE COMPARABILITY RERUN
Started: 2026-09-08 13:07:40 
R: R version 4.5.1 (2025-06-13 ucrt) 
WGCNA: 1.73 
Seed: 20260908
Reading maximum-probe gene matrix without modifying source file...
           used  (Mb) gc trigger  (Mb) max used  (Mb)
Ncells  5738277 306.5    9535907 509.3  7154043 382.1
Vcells 19601302 149.6   45710805 348.8 43099121 328.9
MAD threshold: none; finite nonzero-variance QC only
Genes retained: 11719 of 11719 
S100A8 retained: TRUE 
 Flagging genes and samples with too many missing values...
  ..step 1
           used  (Mb) gc trigger  (Mb) max used  (Mb)
Ncells  5745326 306.9    9535907 509.3  7154043 382.1
Vcells 29108177 222.1   71562671 546.0 57456837 438.4
null device 
          1 
           used  (Mb) gc trigger  (Mb) max used  (Mb)
Ncells  5757435 307.5    9535907 509.3  7405191 395.5
Vcells 31401812 239.6   71562671 546.0 71561939 546.0
pickSoftThreshold: will use block size 3817.
 pickSoftThreshold: calculating connectivity for given powers...
   ..working on genes 1 through 3817 of 11719
   ..working on genes 3818 through 7634 of 11719
   ..working on genes 7635 through 11451 of 11719
   ..working on genes 11452 through 11719 of 11719
   Power SFT.R.sq slope truncated.R.sq mean.k. median.k. max.k.
1      1    0.107  3.28          0.503 5990.00   6030.00 6590.0
2      2    0.252 -3.17          0.723 3250.00   3250.00 4060.0
3      3    0.375 -3.10          0.842 1870.00   1830.00 2690.0
4      4    0.432 -2.65          0.899 1120.00   1080.00 1870.0
5      5    0.454 -2.30          0.909  703.00    670.00 1350.0
6      6    0.484 -2.08          0.913  456.00    431.00 1000.0
7      7    0.513 -1.94          0.911  305.00    285.00  759.0
8      8    0.543 -1.88          0.905  210.00    193.00  586.0
9      9    0.571 -1.84          0.905  148.00    132.00  459.0
10    10    0.606 -1.78          0.915  106.00     92.10  364.0
11    11    0.646 -1.74          0.928   77.30     64.90  292.0
12    12    0.689 -1.69          0.940   57.40     46.30  236.0
13    13    0.735 -1.65          0.955   43.20     33.40  193.0
14    14    0.773 -1.62          0.967   32.90     24.40  159.0
15    15    0.796 -1.66          0.971   25.30     17.90  134.0
16    16    0.815 -1.68          0.975   19.70     13.30  114.0
17    17    0.829 -1.71          0.977   15.50      9.89   98.0
18    18    0.838 -1.74          0.979   12.30      7.43   84.6
19    19    0.855 -1.75          0.983    9.86      5.62   73.3
20    20    0.873 -1.74          0.987    7.95      4.27   63.8
Selected soft threshold: 19 
null device 
          1 
Building one-block signed network and signed TOM...
 Calculating module eigengenes block-wise from all genes
   Flagging genes and samples with too many missing values...
    ..step 1
 ..Working on block 1 .
    TOM calculation: adjacency..
    ..will not use multithreading.
     Fraction of slow calculations: 0.000000
    ..connectivity..
    ..matrix multiplication (system BLAS)..
    ..normalization..
    ..done.
 ....clustering..
 ....detecting modules..
 ....calculating module eigengenes..
 ....checking kME in modules..
     ..removing 66 genes from module 1 because their KME is too low.
     ..removing 14 genes from module 3 because their KME is too low.
     ..removing 2 genes from module 4 because their KME is too low.
     ..removing 3 genes from module 7 because their KME is too low.
     ..removing 1 genes from module 9 because their KME is too low.
  ..reassigning 413 genes from module 1 to modules with higher KME.
  ..reassigning 236 genes from module 3 to modules with higher KME.
  ..reassigning 50 genes from module 4 to modules with higher KME.
  ..reassigning 44 genes from module 5 to modules with higher KME.
  ..reassigning 62 genes from module 6 to modules with higher KME.
  ..reassigning 38 genes from module 7 to modules with higher KME.
  ..reassigning 22 genes from module 8 to modules with higher KME.
  ..reassigning 17 genes from module 9 to modules with higher KME.
  ..reassigning 12 genes from module 10 to modules with higher KME.
 ..merging modules that are too close..
     mergeCloseModules: Merging modules whose distance is less than 0.25
       Calculating new MEs...
Warning in bitr(overlap, fromType = "SYMBOL", toType = "ENTREZID", OrgDb = org.Hs.eg.db) :
  9.06% of input gene IDs are fail to map...
Warning in bitr(universe_symbols, fromType = "SYMBOL", toType = "ENTREZID",  :
  16.07% of input gene IDs are fail to map...
Reading KEGG annotation online: "https://rest.kegg.jp/link/hsa/pathway"...
Reading KEGG annotation online: "https://rest.kegg.jp/list/pathway/hsa"...
Primary sepsis-associated module: black 
Primary module size: 713 
Primary module-DEG overlap: 265 
S100A8 module/MM/GS: black 0.7003226 0.7947171 
GO FDR significant: 52 
KEGG FDR significant: 0 
Completed: 2026-09-08 13:23:31 
